// Jest Snapshot v1, https://goo.gl/fbAQLP

exports[`App renders correctly 1`] = `
<div>
  <div
    className="app-container"
  >
    <div>
      <div
        className="loading"
      >
        <div>
          <img
            alt="loading"
            src="rolling.svg"
          />
          <p
            className="loading__text"
          >
            Loading...
          </p>
        </div>
      </div>
    </div>
  </div>
</div>
`;
