// Jest Snapshot v1, https://goo.gl/fbAQLP

exports[`LineChart renders correctly 1`] = `
<div>
  <canvas
    height={150}
    onClick={[Function]}
    role="img"
    width={300}
  />
</div>
`;
